dry run: commit the above changes with the -x/--exec flag
