[{"base_dir":"","target_dir":"","source":"original.txt","target":"","status":"empty_filename","is_dir":false},{"base_dir":"","target_dir":"","source":"original.txt","target":"new_file.","status":"trailing_periods_present","is_dir":false},{"base_dir":"","target_dir":"","source":"file1.txt","target":"existing_file.txt","status":"target_exists","is_dir":false},{"base_dir":"","target_dir":"","source":"original.txt","target":"new:file.txt","status":"forbidden_characters_present","is_dir":false},{"base_dir":"","target_dir":"","source":"file2.txt","target":"new_file.txt","status":"overwriting_new_path","is_dir":false},{"base_dir":"","target_dir":"","source":"original.txt","target":"this_is_a_very_long_filename_that_exceeds_the_maximum_allowed_length.txt","status":"filename_too_long","is_dir":false},{"base_dir":"","target_dir":"","source":"1.txt","target":"2.txt","status":"source_already_renamed","is_dir":false},{"base_dir":"","target_dir":"","source":"nonexistent_file.txt","target":"new_name.txt","status":"source_not_found","is_dir":false}]